// Jest Snapshot v1, https://goo.gl/fbAQLP

exports[`<Item /> Should render <Item /> 1`] = `
<div
  className="item"
>
  <div
    className="item__image"
  >
    <img
      alt="Lonely boat"
      src="/boat.jpg"
    />
  </div>
  <div
    className="item-details"
  >
    <div
      className="item-details__title"
    >
      Boat
    </div>
    <div
      className="item-details__description"
    >
      Lonely boat
    </div>
  </div>
</div>
`;
