// Jest Snapshot v1, https://goo.gl/fbAQLP

exports[`<ModalConfirmation /> Should render ModalConfirmation 1`] = `
<div
  className="modal-confirmation"
>
  <div
    className="modal-confirmation__description"
  >
    Please confirm or deny
  </div>
  <div
    className="modal-confirmation__buttons"
  >
    <button
      className="button --primary"
      onClick={[Function]}
    >
      <span
        className="button__caption"
      >
        Confirm
      </span>
    </button>
    <button
      className="button --secondary"
      onClick={[Function]}
    >
      <span
        className="button__caption"
      >
        Deny
      </span>
    </button>
  </div>
</div>
`;
